CCS PCM C Compiler, Version 4.104, 5967               19-may.-17 23:22

               Filename: C:\Users\ALANN\Desktop\Regulador de temp\temperatura.lst

               ROM used: 1274 words (16%)
                         Largest free fragment is 2048
               RAM used: 21 (6%) at main() level
                         43 (12%) worst case
               Stack:    5 locations

*
0000:  MOVLW  03
0001:  MOVWF  0A
0002:  GOTO   3E7
0003:  NOP
.................... #INCLUDE <16F887.H> 
.................... //////// Standard Header file for the PIC16F887 device //////////////// 
.................... #device PIC16F887 
.................... #list 
....................  
.................... #DEVICE ADC=10 
.................... #USE DELAY(CLOCK=8000000) 
*
0010:  MOVLW  3B
0011:  MOVWF  04
0012:  BCF    03.7
0013:  MOVF   00,W
0014:  BTFSC  03.2
0015:  GOTO   023
0016:  MOVLW  02
0017:  MOVWF  78
0018:  CLRF   77
0019:  DECFSZ 77,F
001A:  GOTO   019
001B:  DECFSZ 78,F
001C:  GOTO   018
001D:  MOVLW  97
001E:  MOVWF  77
001F:  DECFSZ 77,F
0020:  GOTO   01F
0021:  DECFSZ 00,F
0022:  GOTO   016
0023:  RETURN
.................... #FUSES NOWDT                    //No Watch Dog Timer 
.................... #FUSES INTRC_IO                 //Internal RC Osc, no CLKOUT 
.................... #FUSES NOPUT                    //No Power Up Timer 
.................... #FUSES NOMCLR                   //Master Clear pin used for I/O 
.................... #FUSES NOPROTECT                //Code not protected from reading 
.................... #FUSES NOCPD                    //No EE protection 
.................... #FUSES NOBROWNOUT               //No brownout reset 
.................... #FUSES NOIESO                   //Internal External Switch Over mode disabled 
.................... #FUSES NOFCMEN                  //Fail-safe clock monitor disabled 
.................... #FUSES NOLVP                    //No low voltage prgming, B3(PIC16) or B5(PIC18) used for I/O 
.................... #FUSES NODEBUG                  //No Debug mode for ICD 
.................... #FUSES NOWRT                    //Program memory not write protected 
.................... #FUSES BORV40                   //Brownout reset at 4.0V 
.................... #use rs232(baud=9600, xmit=pin_c6, rcv=pin_c7,bits=8) 
.................... #include "lcd.c"  
.................... /////////////////////////////////////////////////////////////////////////////// 
.................... ////                             LCD.C                                     //// 
.................... ////                 Driver for common LCD modules                         //// 
.................... ////                                                                       //// 
.................... ////  lcd_init()   Must be called before any other function.               //// 
.................... ////                                                                       //// 
.................... ////  lcd_putc(c)  Will display c on the next position of the LCD.         //// 
.................... ////                     The following have special meaning:               //// 
.................... ////                      \f  Clear display                                //// 
.................... ////                      \n  Go to start of second line                   //// 
.................... ////                      \b  Move back one position                       //// 
.................... ////                                                                       //// 
.................... ////  lcd_gotoxy(x,y) Set write position on LCD (upper left is 1,1)        //// 
.................... ////                                                                       //// 
.................... ////  lcd_getc(x,y)   Returns character at position x,y on LCD             //// 
.................... ////                                                                       //// 
.................... ////  CONFIGURATION                                                        //// 
.................... ////  The LCD can be configured in one of two ways: a.) port access or     //// 
.................... ////  b.) pin access.  Port access requires the entire 7 bit interface     //// 
.................... ////  connected to one GPIO port, and the data bits (D4:D7 of the LCD)     //// 
.................... ////  connected to sequential pins on the GPIO.  Pin access                //// 
.................... ////  has no requirements, all 7 bits of the control interface can         //// 
.................... ////  can be connected to any GPIO using several ports.                    //// 
.................... ////                                                                       //// 
.................... ////  To use port access, #define LCD_DATA_PORT to the SFR location of     //// 
.................... ////  of the GPIO port that holds the interface, -AND- edit LCD_PIN_MAP    //// 
.................... ////  of this file to configure the pin order.  If you are using a         //// 
.................... ////  baseline PIC (PCB), then LCD_OUTPUT_MAP and LCD_INPUT_MAP also must  //// 
.................... ////  be defined.                                                          //// 
.................... ////                                                                       //// 
.................... ////  Example of port access:                                              //// 
.................... ////     #define LCD_DATA_PORT getenv("SFR:PORTD")                         //// 
.................... ////                                                                       //// 
.................... ////  To use pin access, the following pins must be defined:               //// 
.................... ////     LCD_ENABLE_PIN                                                    //// 
.................... ////     LCD_RS_PIN                                                        //// 
.................... ////     LCD_RW_PIN                                                        //// 
.................... ////     LCD_DATA4                                                         //// 
.................... ////     LCD_DATA5                                                         //// 
.................... ////     LCD_DATA6                                                         //// 
.................... ////     LCD_DATA7                                                         //// 
.................... ////                                                                       //// 
.................... ////  Example of pin access:                                               //// 
.................... ////     #define LCD_ENABLE_PIN  PIN_E0                                    //// 
.................... ////     #define LCD_RS_PIN      PIN_E1                                    //// 
.................... ////     #define LCD_RW_PIN      PIN_E2                                    //// 
.................... ////     #define LCD_DATA4       PIN_D4                                    //// 
.................... ////     #define LCD_DATA5       PIN_D5                                    //// 
.................... ////     #define LCD_DATA6       PIN_D6                                    //// 
.................... ////     #define LCD_DATA7       PIN_D7                                    //// 
.................... ////                                                                       //// 
.................... /////////////////////////////////////////////////////////////////////////////// 
.................... ////        (C) Copyright 1996,2009 Custom Computer Services           //// 
.................... //// This source code may only be used by licensed users of the CCS C  //// 
.................... //// compiler.  This source code may only be distributed to other      //// 
.................... //// licensed users of the CCS C compiler.  No other use, reproduction //// 
.................... //// or distribution is permitted without written permission.          //// 
.................... //// Derivative programs created using this software in object code    //// 
.................... //// form are not restricted in any way.                               //// 
.................... /////////////////////////////////////////////////////////////////////////// 
....................  
.................... // define the pinout. 
.................... // only required if port access is being used. 
.................... typedef struct   
.................... {                            // This structure is overlayed 
....................    BOOLEAN enable;           // on to an I/O port to gain 
....................    BOOLEAN rs;               // access to the LCD pins. 
....................    BOOLEAN rw;               // The bits are allocated from 
....................    BOOLEAN unused;           // low order up.  ENABLE will 
....................    int     data : 4;         // be LSB pin of that port. 
....................   #if defined(__PCD__)       // The port used will be LCD_DATA_PORT. 
....................    int    reserved: 8; 
....................   #endif 
.................... } LCD_PIN_MAP; 
....................  
.................... // this is to improve compatability with previous LCD drivers that accepted 
.................... // a define labeled 'use_portb_lcd' that configured the LCD onto port B. 
.................... #if ((defined(use_portb_lcd)) && (use_portb_lcd==TRUE)) 
....................  #define LCD_DATA_PORT getenv("SFR:PORTB") 
.................... #endif 
....................  
.................... #if defined(__PCB__) 
....................    // these definitions only need to be modified for baseline PICs. 
....................    // all other PICs use LCD_PIN_MAP or individual LCD_xxx pin definitions. 
.................... /*                                    EN, RS,   RW,   UNUSED,  DATA  */ 
....................  const LCD_PIN_MAP LCD_OUTPUT_MAP =  {0,  0,    0,    0,       0}; 
....................  const LCD_PIN_MAP LCD_INPUT_MAP =   {0,  0,    0,    0,       0xF}; 
.................... #endif 
....................  
.................... ////////////////////// END CONFIGURATION /////////////////////////////////// 
....................  
.................... #ifndef LCD_ENABLE_PIN 
....................    #define lcd_output_enable(x) lcdlat.enable=x 
....................    #define lcd_enable_tris()   lcdtris.enable=0 
.................... #else 
....................    #define lcd_output_enable(x) output_bit(LCD_ENABLE_PIN, x) 
....................    #define lcd_enable_tris()  output_drive(LCD_ENABLE_PIN) 
.................... #endif 
....................  
.................... #ifndef LCD_RS_PIN 
....................    #define lcd_output_rs(x) lcdlat.rs=x 
....................    #define lcd_rs_tris()   lcdtris.rs=0 
.................... #else 
....................    #define lcd_output_rs(x) output_bit(LCD_RS_PIN, x) 
....................    #define lcd_rs_tris()  output_drive(LCD_RS_PIN) 
.................... #endif 
....................  
.................... #ifndef LCD_RW_PIN 
....................    #define lcd_output_rw(x) lcdlat.rw=x 
....................    #define lcd_rw_tris()   lcdtris.rw=0 
.................... #else 
....................    #define lcd_output_rw(x) output_bit(LCD_RW_PIN, x) 
....................    #define lcd_rw_tris()  output_drive(LCD_RW_PIN) 
.................... #endif 
....................  
.................... // original version of this library incorrectly labeled LCD_DATA0 as LCD_DATA4, 
.................... // LCD_DATA1 as LCD_DATA5, and so on.  this block of code makes the driver 
.................... // compatible with any code written for the original library 
.................... #if (defined(LCD_DATA0) && defined(LCD_DATA1) && defined(LCD_DATA2) && defined(LCD_DATA3) && !defined(LCD_DATA4) && !defined(LCD_DATA5) && !defined(LCD_DATA6) && !defined(LCD_DATA7)) 
....................    #define  LCD_DATA4    LCD_DATA0 
....................    #define  LCD_DATA5    LCD_DATA1 
....................    #define  LCD_DATA6    LCD_DATA2 
....................    #define  LCD_DATA7    LCD_DATA3 
.................... #endif 
....................  
.................... #ifndef LCD_DATA4 
.................... #ifndef LCD_DATA_PORT 
....................    #if defined(__PCB__) 
....................       #define LCD_DATA_PORT      0x06     //portb 
....................       #define set_tris_lcd(x)   set_tris_b(x) 
....................    #else 
....................      #if defined(PIN_D0) 
....................       #define LCD_DATA_PORT      getenv("SFR:PORTD")     //portd 
....................      #else 
....................       #define LCD_DATA_PORT      getenv("SFR:PORTB")     //portb 
....................      #endif 
....................    #endif    
.................... #endif 
....................  
.................... #if defined(__PCB__) 
....................    LCD_PIN_MAP lcd, lcdlat; 
....................    #byte lcd = LCD_DATA_PORT 
....................    #byte lcdlat = LCD_DATA_PORT 
.................... #elif defined(__PCM__) 
....................    LCD_PIN_MAP lcd, lcdlat, lcdtris; 
....................    #byte lcd = LCD_DATA_PORT 
....................    #byte lcdlat = LCD_DATA_PORT 
....................    #byte lcdtris = LCD_DATA_PORT+0x80 
.................... #elif defined(__PCH__) 
....................    LCD_PIN_MAP lcd, lcdlat, lcdtris; 
....................    #byte lcd = LCD_DATA_PORT 
....................    #byte lcdlat = LCD_DATA_PORT+9 
....................    #byte lcdtris = LCD_DATA_PORT+0x12 
.................... #elif defined(__PCD__) 
....................    LCD_PIN_MAP lcd, lcdlat, lcdtris; 
....................    #word lcd = LCD_DATA_PORT 
....................    #word lcdlat = LCD_DATA_PORT+2 
....................    #word lcdtris = LCD_DATA_PORT-0x02 
.................... #endif 
.................... #endif   //LCD_DATA4 not defined 
....................  
.................... #ifndef LCD_TYPE 
....................    #define LCD_TYPE 2           // 0=5x7, 1=5x10, 2=2 lines 
.................... #endif 
....................  
.................... #ifndef LCD_LINE_TWO 
....................    #define LCD_LINE_TWO 0x40    // LCD RAM address for the second line 
.................... #endif 
....................  
.................... BYTE const LCD_INIT_STRING[4] = {0x20 | (LCD_TYPE << 2), 0xc, 1, 6}; 
....................                              // These bytes need to be sent to the LCD 
....................                              // to start it up. 
....................  
.................... BYTE lcd_read_nibble(void); 
....................  
.................... BYTE lcd_read_byte(void) 
.................... { 
....................    BYTE low,high; 
....................  
....................  #if defined(__PCB__) 
....................    set_tris_lcd(LCD_INPUT_MAP); 
....................  #else 
....................   #if (defined(LCD_DATA4) && defined(LCD_DATA5) && defined(LCD_DATA6) && defined(LCD_DATA7)) 
....................    output_float(LCD_DATA4); 
....................    output_float(LCD_DATA5); 
....................    output_float(LCD_DATA6); 
....................    output_float(LCD_DATA7); 
....................   #else 
....................    lcdtris.data = 0xF; 
*
0038:  MOVLW  0F
0039:  BSF    03.5
003A:  ANDWF  08,W
003B:  IORLW  F0
003C:  MOVWF  08
....................   #endif 
....................  #endif 
....................          
....................    lcd_output_rw(1); 
003D:  BCF    03.5
003E:  BSF    08.2
....................    delay_cycles(1); 
003F:  NOP
....................    lcd_output_enable(1); 
0040:  BSF    08.0
....................    delay_cycles(1); 
0041:  NOP
....................    high = lcd_read_nibble(); 
0042:  CALL   031
0043:  MOVF   78,W
0044:  MOVWF  42
....................        
....................    lcd_output_enable(0); 
0045:  BCF    08.0
....................    delay_cycles(1); 
0046:  NOP
....................    lcd_output_enable(1); 
0047:  BSF    08.0
....................    delay_us(1); 
0048:  GOTO   049
....................    low = lcd_read_nibble(); 
0049:  CALL   031
004A:  MOVF   78,W
004B:  MOVWF  41
....................        
....................    lcd_output_enable(0); 
004C:  BCF    08.0
....................  
....................  #if defined(__PCB__) 
....................    set_tris_lcd(LCD_INPUT_MAP); 
....................  #else 
....................   #if (defined(LCD_DATA4) && defined(LCD_DATA5) && defined(LCD_DATA6) && defined(LCD_DATA7)) 
....................    output_drive(LCD_DATA4); 
....................    output_drive(LCD_DATA5); 
....................    output_drive(LCD_DATA6); 
....................    output_drive(LCD_DATA7); 
....................   #else 
....................    lcdtris.data = 0x0; 
004D:  MOVLW  0F
004E:  BSF    03.5
004F:  ANDWF  08,W
0050:  MOVWF  08
....................   #endif 
....................  #endif 
....................  
....................    return( (high<<4) | low); 
0051:  BCF    03.5
0052:  SWAPF  42,W
0053:  MOVWF  77
0054:  MOVLW  F0
0055:  ANDWF  77,F
0056:  MOVF   77,W
0057:  IORWF  41,W
0058:  MOVWF  78
.................... } 
....................  
.................... BYTE lcd_read_nibble(void) 
.................... { 
....................   #if (defined(LCD_DATA4) && defined(LCD_DATA5) && defined(LCD_DATA6) && defined(LCD_DATA7)) 
....................    BYTE n = 0x00; 
....................  
....................    /* Read the data port */ 
....................    n |= input(LCD_DATA4); 
....................    n |= input(LCD_DATA5) << 1; 
....................    n |= input(LCD_DATA6) << 2; 
....................    n |= input(LCD_DATA7) << 3; 
....................     
....................    return(n); 
....................   #else 
....................    return(lcd.data); 
*
0031:  MOVF   08,W
0032:  MOVWF  77
0033:  SWAPF  08,W
0034:  ANDLW  0F
0035:  MOVWF  78
....................   #endif 
.................... } 
0036:  RETURN
....................  
.................... void lcd_send_nibble(BYTE n) 
.................... { 
....................   #if (defined(LCD_DATA4) && defined(LCD_DATA5) && defined(LCD_DATA6) && defined(LCD_DATA7)) 
....................    /* Write to the data port */ 
....................    output_bit(LCD_DATA4, bit_test(n, 0)); 
....................    output_bit(LCD_DATA5, bit_test(n, 1)); 
....................    output_bit(LCD_DATA6, bit_test(n, 2)); 
....................    output_bit(LCD_DATA7, bit_test(n, 3)); 
....................   #else       
....................    lcdlat.data = n; 
*
0024:  SWAPF  42,W
0025:  ANDLW  F0
0026:  MOVWF  77
0027:  MOVLW  0F
0028:  ANDWF  08,W
0029:  IORWF  77,W
002A:  MOVWF  08
....................   #endif 
....................        
....................    delay_cycles(1); 
002B:  NOP
....................    lcd_output_enable(1); 
002C:  BSF    08.0
....................    delay_us(2); 
002D:  GOTO   02E
002E:  GOTO   02F
....................    lcd_output_enable(0); 
002F:  BCF    08.0
.................... } 
0030:  RETURN
....................  
.................... void lcd_send_byte(BYTE address, BYTE n) 
.................... { 
....................    lcd_output_rs(0); 
*
0037:  BCF    08.1
....................    while ( bit_test(lcd_read_byte(),7) ) ; 
*
0059:  MOVF   78,W
005A:  MOVWF  41
005B:  BTFSC  41.7
005C:  GOTO   038
....................    lcd_output_rs(address); 
005D:  BTFSS  3F.0
005E:  BCF    08.1
005F:  BTFSC  3F.0
0060:  BSF    08.1
....................    delay_cycles(1); 
0061:  NOP
....................    lcd_output_rw(0); 
0062:  BCF    08.2
....................    delay_cycles(1); 
0063:  NOP
....................    lcd_output_enable(0); 
0064:  BCF    08.0
....................    lcd_send_nibble(n >> 4); 
0065:  SWAPF  40,W
0066:  MOVWF  41
0067:  MOVLW  0F
0068:  ANDWF  41,F
0069:  MOVF   41,W
006A:  MOVWF  42
006B:  CALL   024
....................    lcd_send_nibble(n & 0xf); 
006C:  MOVF   40,W
006D:  ANDLW  0F
006E:  MOVWF  41
006F:  MOVWF  42
0070:  CALL   024
.................... } 
0071:  RETURN
....................  
.................... void lcd_init(void)  
.................... { 
....................    BYTE i; 
....................  
....................  #if defined(__PCB__) 
....................    set_tris_lcd(LCD_OUTPUT_MAP); 
....................  #else 
....................   #if (defined(LCD_DATA4) && defined(LCD_DATA5) && defined(LCD_DATA6) && defined(LCD_DATA7)) 
....................    output_drive(LCD_DATA4); 
....................    output_drive(LCD_DATA5); 
....................    output_drive(LCD_DATA6); 
....................    output_drive(LCD_DATA7); 
....................   #else 
....................    lcdtris.data = 0x0; 
0072:  MOVLW  0F
0073:  BSF    03.5
0074:  ANDWF  08,W
0075:  MOVWF  08
....................   #endif 
....................    lcd_enable_tris(); 
0076:  BCF    08.0
....................    lcd_rs_tris(); 
0077:  BCF    08.1
....................    lcd_rw_tris(); 
0078:  BCF    08.2
....................  #endif 
....................  
....................    lcd_output_rs(0); 
0079:  BCF    03.5
007A:  BCF    08.1
....................    lcd_output_rw(0); 
007B:  BCF    08.2
....................    lcd_output_enable(0); 
007C:  BCF    08.0
....................      
....................    delay_ms(15); 
007D:  MOVLW  0F
007E:  MOVWF  3B
007F:  CALL   010
....................    for(i=1;i<=3;++i) 
0080:  MOVLW  01
0081:  MOVWF  2D
0082:  MOVF   2D,W
0083:  SUBLW  03
0084:  BTFSS  03.0
0085:  GOTO   08E
....................    { 
....................        lcd_send_nibble(3); 
0086:  MOVLW  03
0087:  MOVWF  42
0088:  CALL   024
....................        delay_ms(5); 
0089:  MOVLW  05
008A:  MOVWF  3B
008B:  CALL   010
....................    } 
008C:  INCF   2D,F
008D:  GOTO   082
....................      
....................    lcd_send_nibble(2); 
008E:  MOVLW  02
008F:  MOVWF  42
0090:  CALL   024
....................    for(i=0;i<=3;++i) 
0091:  CLRF   2D
0092:  MOVF   2D,W
0093:  SUBLW  03
0094:  BTFSS  03.0
0095:  GOTO   09F
....................       lcd_send_byte(0,LCD_INIT_STRING[i]); 
0096:  MOVF   2D,W
0097:  CALL   004
0098:  MOVWF  2E
0099:  CLRF   3F
009A:  MOVF   2E,W
009B:  MOVWF  40
009C:  CALL   037
009D:  INCF   2D,F
009E:  GOTO   092
.................... } 
009F:  BCF    0A.3
00A0:  BCF    0A.4
00A1:  GOTO   407 (RETURN)
....................  
.................... void lcd_gotoxy(BYTE x, BYTE y) 
.................... { 
....................    BYTE address; 
....................  
....................    if(y!=1) 
*
0200:  DECFSZ 3C,W
0201:  GOTO   203
0202:  GOTO   206
....................       address=LCD_LINE_TWO; 
0203:  MOVLW  40
0204:  MOVWF  3D
....................    else 
0205:  GOTO   207
....................       address=0; 
0206:  CLRF   3D
....................       
....................    address+=x-1; 
0207:  MOVLW  01
0208:  SUBWF  3B,W
0209:  ADDWF  3D,F
....................    lcd_send_byte(0,0x80|address); 
020A:  MOVF   3D,W
020B:  IORLW  80
020C:  MOVWF  3E
020D:  CLRF   3F
020E:  MOVF   3E,W
020F:  MOVWF  40
0210:  CALL   037
.................... } 
0211:  RETURN
....................  
.................... void lcd_putc(char c) 
.................... { 
....................    switch (c) 
....................    { 
0212:  MOVF   3A,W
0213:  XORLW  0C
0214:  BTFSC  03.2
0215:  GOTO   21D
0216:  XORLW  06
0217:  BTFSC  03.2
0218:  GOTO   225
0219:  XORLW  02
021A:  BTFSC  03.2
021B:  GOTO   22B
021C:  GOTO   230
....................       case '\f'   :  lcd_send_byte(0,1); 
021D:  CLRF   3F
021E:  MOVLW  01
021F:  MOVWF  40
0220:  CALL   037
....................                      delay_ms(2); 
0221:  MOVLW  02
0222:  MOVWF  3B
0223:  CALL   010
....................                      break; 
0224:  GOTO   236
....................                       
....................       case '\n'   : lcd_gotoxy(1,2);        break; 
0225:  MOVLW  01
0226:  MOVWF  3B
0227:  MOVLW  02
0228:  MOVWF  3C
0229:  CALL   200
022A:  GOTO   236
....................       
....................       case '\b'   : lcd_send_byte(0,0x10);  break; 
022B:  CLRF   3F
022C:  MOVLW  10
022D:  MOVWF  40
022E:  CALL   037
022F:  GOTO   236
....................       
....................       default     : lcd_send_byte(1,c);     break; 
0230:  MOVLW  01
0231:  MOVWF  3F
0232:  MOVF   3A,W
0233:  MOVWF  40
0234:  CALL   037
0235:  GOTO   236
....................    } 
.................... } 
0236:  RETURN
....................   
.................... char lcd_getc(BYTE x, BYTE y) 
.................... { 
....................    char value; 
....................  
....................    lcd_gotoxy(x,y); 
....................    while ( bit_test(lcd_read_byte(),7) ); // wait until busy flag is low 
....................    lcd_output_rs(1); 
....................    value = lcd_read_byte(); 
....................    lcd_output_rs(0); 
....................     
....................    return(value); 
.................... } 
....................  
....................  
.................... VOID MAIN(){ 
*
03E7:  CLRF   04
03E8:  BCF    03.7
03E9:  MOVLW  1F
03EA:  ANDWF  03,F
03EB:  BSF    03.5
03EC:  BSF    03.6
03ED:  BCF    07.3
03EE:  MOVLW  0C
03EF:  BCF    03.6
03F0:  MOVWF  19
03F1:  MOVLW  A2
03F2:  MOVWF  18
03F3:  MOVLW  90
03F4:  BCF    03.5
03F5:  MOVWF  18
03F6:  BSF    03.5
03F7:  BSF    03.6
03F8:  MOVF   09,W
03F9:  ANDLW  C0
03FA:  MOVWF  09
03FB:  BCF    03.6
03FC:  BCF    1F.4
03FD:  BCF    1F.5
03FE:  MOVLW  00
03FF:  BSF    03.6
0400:  MOVWF  08
0401:  BCF    03.5
0402:  CLRF   07
0403:  CLRF   08
0404:  CLRF   09
....................  
....................  
.................... INT16 ya,referencia; //Variables para  lectura de ADC y señal de Control a modulo CCP 
.................... FLOAT rt,yt; 
....................  
.................... lcd_init();                   // Turn LCD ON, along with other initialization commands 
0405:  BCF    03.6
0406:  GOTO   072
....................     
....................  
.................... /* 
.................... setup_timer_2(t2_div_by_4,249,1); //Configuracion   de Timer 2 para establecer frec. PWM a 1kHz 
.................... setup_ccp1(ccp_pwm); //Configurar modulo CCP1 en modo PWM 
.................... */ 
.................... setup_adc(adc_clock_internal); 
0407:  BSF    1F.6
0408:  BSF    1F.7
0409:  BSF    03.5
040A:  BSF    1F.7
040B:  BCF    03.5
040C:  BSF    1F.0
....................  
.................... setup_adc_ports(sAN0|sAN1|VSS_VDD); 
040D:  BSF    03.5
040E:  BSF    03.6
040F:  MOVF   09,W
0410:  ANDLW  C0
0411:  MOVWF  09
0412:  BCF    03.6
0413:  BCF    1F.4
0414:  BCF    1F.5
0415:  MOVLW  03
0416:  BSF    03.6
0417:  MOVWF  08
....................    
....................  
....................  
....................  
.................... while(true){ 
....................  
.................... set_adc_channel(1);   // escogemos el canal 1 para leer el potenciometro 
0418:  MOVLW  04
0419:  MOVWF  78
041A:  BCF    03.5
041B:  BCF    03.6
041C:  MOVF   1F,W
041D:  ANDLW  C3
041E:  IORWF  78,W
041F:  MOVWF  1F
.................... delay_ms(1); 
0420:  MOVLW  01
0421:  MOVWF  3B
0422:  CALL   010
.................... referencia=read_adc();   // lectura digital del pot 
0423:  BSF    1F.1
0424:  BTFSC  1F.1
0425:  GOTO   424
0426:  BSF    03.5
0427:  MOVF   1E,W
0428:  BCF    03.5
0429:  MOVWF  23
042A:  MOVF   1E,W
042B:  MOVWF  24
.................... delay_ms(1); 
042C:  MOVLW  01
042D:  MOVWF  3B
042E:  CALL   010
....................  
.................... set_adc_channel(0); //Seleccionar Canal 0 para sensor de Temperatura 
042F:  MOVLW  00
0430:  MOVWF  78
0431:  MOVF   1F,W
0432:  ANDLW  C3
0433:  IORWF  78,W
0434:  MOVWF  1F
.................... delay_ms(1); 
0435:  MOVLW  01
0436:  MOVWF  3B
0437:  CALL   010
.................... ya=read_adc(); //lectura digital del sensor 
0438:  BSF    1F.1
0439:  BTFSC  1F.1
043A:  GOTO   439
043B:  BSF    03.5
043C:  MOVF   1E,W
043D:  BCF    03.5
043E:  MOVWF  21
043F:  MOVF   1E,W
0440:  MOVWF  22
.................... delay_ms(1); 
0441:  MOVLW  01
0442:  MOVWF  3B
0443:  CALL   010
....................  
.................... rT=referencia*(100.0/1024.0); 
0444:  MOVF   24,W
0445:  MOVWF  2E
0446:  MOVF   23,W
0447:  MOVWF  2D
0448:  CALL   0A2
0449:  MOVF   7A,W
044A:  MOVWF  3D
044B:  MOVF   79,W
044C:  MOVWF  3C
044D:  MOVF   78,W
044E:  MOVWF  3B
044F:  MOVF   77,W
0450:  MOVWF  3A
0451:  CLRF   41
0452:  CLRF   40
0453:  MOVLW  48
0454:  MOVWF  3F
0455:  MOVLW  7B
0456:  MOVWF  3E
0457:  CALL   0BF
0458:  MOVF   7A,W
0459:  MOVWF  28
045A:  MOVF   79,W
045B:  MOVWF  27
045C:  MOVF   78,W
045D:  MOVWF  26
045E:  MOVF   77,W
045F:  MOVWF  25
....................  
.................... yT=500.0*ya/1024.0; //Escalizar señal de salida y(kT) 
0460:  MOVF   22,W
0461:  MOVWF  2E
0462:  MOVF   21,W
0463:  MOVWF  2D
0464:  CALL   0A2
0465:  CLRF   3D
0466:  CLRF   3C
0467:  MOVLW  7A
0468:  MOVWF  3B
0469:  MOVLW  87
046A:  MOVWF  3A
046B:  MOVF   7A,W
046C:  MOVWF  41
046D:  MOVF   79,W
046E:  MOVWF  40
046F:  MOVF   78,W
0470:  MOVWF  3F
0471:  MOVF   77,W
0472:  MOVWF  3E
0473:  CALL   0BF
0474:  MOVF   77,W
0475:  MOVWF  2D
0476:  MOVF   78,W
0477:  MOVWF  2E
0478:  MOVF   79,W
0479:  MOVWF  2F
047A:  MOVF   7A,W
047B:  MOVWF  30
047C:  MOVWF  34
047D:  MOVF   79,W
047E:  MOVWF  33
047F:  MOVF   78,W
0480:  MOVWF  32
0481:  MOVF   77,W
0482:  MOVWF  31
0483:  CLRF   38
0484:  CLRF   37
0485:  CLRF   36
0486:  MOVLW  89
0487:  MOVWF  35
0488:  GOTO   134
0489:  MOVF   7A,W
048A:  MOVWF  2C
048B:  MOVF   79,W
048C:  MOVWF  2B
048D:  MOVF   78,W
048E:  MOVWF  2A
048F:  MOVF   77,W
0490:  MOVWF  29
....................  
....................    lcd_gotoxy(1,1);              // point LCD cursor to col1 row1 
0491:  MOVLW  01
0492:  MOVWF  3B
0493:  MOVWF  3C
0494:  CALL   200
....................     
....................    lcd_putc("Td:"); 
0495:  MOVLW  0C
0496:  BSF    03.6
0497:  MOVWF  0D
0498:  MOVLW  00
0499:  MOVWF  0F
049A:  BCF    03.6
049B:  CALL   237
....................     
....................     
....................    lcd_gotoxy(5,1); 
049C:  MOVLW  05
049D:  MOVWF  3B
049E:  MOVLW  01
049F:  MOVWF  3C
04A0:  CALL   200
....................     
....................    printf(lcd_putc,"%2.1f C",rT); 
04A1:  MOVLW  01
04A2:  MOVWF  04
04A3:  MOVF   28,W
04A4:  MOVWF  30
04A5:  MOVF   27,W
04A6:  MOVWF  2F
04A7:  MOVF   26,W
04A8:  MOVWF  2E
04A9:  MOVF   25,W
04AA:  MOVWF  2D
04AB:  MOVLW  01
04AC:  MOVWF  31
04AD:  CALL   2BF
04AE:  MOVLW  20
04AF:  MOVWF  3A
04B0:  CALL   212
04B1:  MOVLW  43
04B2:  MOVWF  3A
04B3:  CALL   212
....................     
....................     lcd_gotoxy(1,2); 
04B4:  MOVLW  01
04B5:  MOVWF  3B
04B6:  MOVLW  02
04B7:  MOVWF  3C
04B8:  CALL   200
....................      
....................       lcd_putc("Tm:"); 
04B9:  MOVLW  0E
04BA:  BSF    03.6
04BB:  MOVWF  0D
04BC:  MOVLW  00
04BD:  MOVWF  0F
04BE:  BCF    03.6
04BF:  CALL   237
....................     
....................     
....................    lcd_gotoxy(5,2); 
04C0:  MOVLW  05
04C1:  MOVWF  3B
04C2:  MOVLW  02
04C3:  MOVWF  3C
04C4:  CALL   200
....................     
....................    // point LCD cursor to col1 row2 
....................       
....................       
....................      printf(lcd_putc,"%2.1f C",yT); 
04C5:  MOVLW  01
04C6:  MOVWF  04
04C7:  MOVF   2C,W
04C8:  MOVWF  30
04C9:  MOVF   2B,W
04CA:  MOVWF  2F
04CB:  MOVF   2A,W
04CC:  MOVWF  2E
04CD:  MOVF   29,W
04CE:  MOVWF  2D
04CF:  MOVLW  01
04D0:  MOVWF  31
04D1:  CALL   2BF
04D2:  MOVLW  20
04D3:  MOVWF  3A
04D4:  CALL   212
04D5:  MOVLW  43
04D6:  MOVWF  3A
04D7:  CALL   212
....................  
....................  
.................... if (yt >= rt){ 
04D8:  MOVF   28,W
04D9:  MOVWF  30
04DA:  MOVF   27,W
04DB:  MOVWF  2F
04DC:  MOVF   26,W
04DD:  MOVWF  2E
04DE:  MOVF   25,W
04DF:  MOVWF  2D
04E0:  MOVF   2C,W
04E1:  MOVWF  34
04E2:  MOVF   2B,W
04E3:  MOVWF  33
04E4:  MOVF   2A,W
04E5:  MOVWF  32
04E6:  MOVF   29,W
04E7:  MOVWF  31
04E8:  GOTO   3A6
04E9:  BTFSC  03.0
04EA:  GOTO   4ED
04EB:  BTFSS  03.2
04EC:  GOTO   4F2
.................... output_low(PIN_B0); 
04ED:  BSF    03.5
04EE:  BCF    06.0
04EF:  BCF    03.5
04F0:  BCF    06.0
.................... } 
.................... else { 
04F1:  GOTO   4F6
.................... output_high(PIN_B0); 
04F2:  BSF    03.5
04F3:  BCF    06.0
04F4:  BCF    03.5
04F5:  BSF    06.0
.................... } 
.................... } 
04F6:  BSF    03.5
04F7:  BSF    03.6
04F8:  GOTO   418
.................... }  
04F9:  SLEEP

Configuration Fuses:
   Word  1: 20D4   INTRC_IO NOWDT NOPUT NOMCLR NOPROTECT NOCPD NOBROWNOUT NOIESO NOFCMEN NOLVP NODEBUG
   Word  2: 3FFF   NOWRT BORV40
